Microchip MPLAB XC8 Compiler V2.00 ()

Linker command line:

-W-3 --edf=C:\Program Files (x86)\Microchip\xc8\v2.00\pic\dat\en_msgs.txt \
  -cs -h+dist/default/production\LCD16X2.X.production.sym \
  --cmf=dist/default/production\LCD16X2.X.production.cmf -z -Q16F887 \
  -oC:\Users\20185147\AppData\Local\Temp\sbl0.2 \
  -Mdist/default/production/LCD16X2.X.production.map -E1 -ver=XC8 \
  --acfsm=1493 -ASTACK=0110h-016fh -pstack=STACK -ACODE=00h-07FFhx4 \
  -ASTRCODE=00h-01FFFh -ASTRING=00h-0FFhx32 -ACONST=00h-0FFhx32 \
  -AENTRY=00h-0FFhx32 -ACOMMON=070h-07Fh -ABANK0=020h-06Fh \
  -ABANK1=0A0h-0EFh -ABANK2=0110h-016Fh -ABANK3=0190h-01EFh \
  -ARAM=020h-06Fh,0A0h-0EFh,0110h-016Fh,0190h-01EFh \
  -AABS1=020h-07Fh,0A0h-0EFh,0110h-016Fh,0190h-01EFh -ASFR0=00h-01Fh \
  -ASFR1=080h-09Fh -ASFR2=0100h-010Fh -ASFR3=0180h-018Fh \
  -preset_vec=00h,intentry=04h,init,end_init -ppowerup=CODE -pcinit=CODE \
  -pfunctab=ENTRY -ACONFIG=02007h-02008h -pconfig=CONFIG -DCONFIG=2 \
  -AIDLOC=02000h-02003h -pidloc=IDLOC -DIDLOC=2 -AEEDATA=00h-0FFh/02100h \
  -peeprom_data=EEDATA -DEEDATA=2 -DCODE=2 -DSTRCODE=2 -DSTRING=2 -DCONST=2 \
  -DENTRY=2 -k C:\Users\20185147\AppData\Local\Temp\sbl0.o \
  dist/default/production\LCD16X2.X.production.o 

Object code version is 3.11

Machine type is 16F887



                Name                               Link     Load   Length Selector   Space Scale
C:\Users\20185147\AppData\Local\Temp\sbl0.o
                end_init                              C        C        3        8       0
                reset_vec                             0        0        3        0       0
                config                             2007     2007        2     400E       0
dist/default/production\LCD16X2.X.production.o
                cinit                                 F        F        A        8       0
                intentry                              4        4        8        8       0
                text12                              56D      56D       2A      762       0
                text11                              5BB      5BB       17      762       0
                text10                              53E      53E       2F      762       0
                text9                               3B1      3B1       80      762       0
                text8                               5D2      5D2       13      762       0
                text7                               507      507       37      762       0
                text6                               5F7      5F7        7      762       0
                text5                               597      597       24      762       0
                text4                               431      431       73      762       0
                text3                               4A4      4A4       63      762       0
                text2                               1A3      1A3       EE        8       0
                text1                               5E5      5E5       12      762       0
                maintext                             19       19      18A        8       0
                cstackBANK0                          20       20       1A       20       1
                cstackCOMMON                         70       70        A       70       1
                bssBANK0                             3A       3A        2       20       1
                bssCOMMON                            7A       7A        2       70       1
                strings                             300      300       B1      600       0

TOTAL           Name                               Link     Load   Length     Space
        CLASS   STACK          

        CLASS   CODE           
                end_init                              C        C        3         0
                cinit                                 F        F        A         0
                intentry                              4        4        8         0
                reset_vec                             0        0        3         0
                text12                              56D      56D       2A         0
                text11                              5BB      5BB       17         0
                text10                              53E      53E       2F         0
                text9                               3B1      3B1       80         0
                text8                               5D2      5D2       13         0
                text7                               507      507       37         0
                text6                               5F7      5F7        7         0
                text5                               597      597       24         0
                text4                               431      431       73         0
                text3                               4A4      4A4       63         0
                text2                               1A3      1A3       EE         0
                text1                               5E5      5E5       12         0
                maintext                             19       19      18A         0

        CLASS   STRCODE        

        CLASS   STRING         
                strings                             300      300       B1         0

        CLASS   CONST          

        CLASS   ENTRY          

        CLASS   COMMON         
                cstackCOMMON                         70       70        A         1
                bssCOMMON                            7A       7A        2         1

        CLASS   BANK0          
                cstackBANK0                          20       20       1A         1
                bssBANK0                             3A       3A        2         1

        CLASS   BANK1          

        CLASS   BANK2          

        CLASS   BANK3          

        CLASS   RAM            

        CLASS   ABS1           
                abs_s1                               7E       7E        2         1

        CLASS   SFR0           

        CLASS   SFR1           

        CLASS   SFR2           

        CLASS   SFR3           

        CLASS   CONFIG         
                config                             2007     2007        2         0

        CLASS   IDLOC          

        CLASS   EEDATA         



SEGMENTS        Name                           Load    Length   Top    Selector   Space  Class     Delta

                reset_vec                      000000  000003  000003         0       0  CODE        2
                intentry                       000004  00028D  000291         8       0  CODE        2
                cstackBANK0                    000020  00001C  00003C        20       1  BANK0       1
                cstackCOMMON                   000070  00000C  00007C        70       1  COMMON      1
                strings                        000300  0000B1  0003B1       600       0  STRING      2
                text9                          0003B1  00024D  0005FE       762       0  CODE        2
                config                         002007  000002  002009      400E       0  CONFIG      2


UNUSED ADDRESS RANGES

        Name                Unused          Largest block    Delta
        BANK0            003C-006F             34           1
        BANK1            00A0-00EF             50           1
        BANK2            0110-016F             60           1
        BANK3            0190-01EF             60           1
        CODE             0003-0003              1           2
                         0291-02FF             6F
                         05FE-1FFF            800
        COMMON           007C-007D              2           1
        CONST            0003-0003              1           2
                         0291-02FF             6F
                         05FE-1FFF            100
        EEDATA           2100-21FF            100           2
        ENTRY            0003-0003              1           2
                         0291-02FF             6F
                         05FE-1FFF            100
        IDLOC            2000-2003              4           2
        RAM              003C-006F             34           1
                         00A0-00EF             50
                         0110-016F             60
                         0190-01EF             60
        SFR0             0000-001F             20           1
        SFR1             0080-009F             20           1
        SFR2             0100-010F             10           1
        SFR3             0180-018F             10           1
        STACK            0110-016F             60           1
        STRCODE          0003-0003              1           2
                         0291-02FF             6F
                         05FE-1FFF           1A02
        STRING           0003-0003              1           2
                         0291-02FF             6F
                         05FE-1FFF            100

                                  Symbol Table

?___awdiv                 cstackCOMMON 0072
?___awmod                 cstackCOMMON 0072
_INTCONbits               (abs)        000B
_LCDbits                  (abs)        0008
_T2CONbits                (abs)        0012
_TMR2                     (abs)        0011
_TRISDbits                (abs)        0088
__CFG_BOR4V$BOR40V        (abs)        0000
__CFG_BOREN$OFF           (abs)        0000
__CFG_CP$OFF              (abs)        0000
__CFG_CPD$OFF             (abs)        0000
__CFG_FCMEN$OFF           (abs)        0000
__CFG_FOSC$INTRC_NOCLKOUT (abs)        0000
__CFG_IESO$OFF            (abs)        0000
__CFG_LVP$OFF             (abs)        0000
__CFG_MCLRE$OFF           (abs)        0000
__CFG_PWRTE$OFF           (abs)        0000
__CFG_WDTE$OFF            (abs)        0000
__CFG_WRT$OFF             (abs)        0000
__Habs1                   abs1         0000
__Hbank0                  bank0        0000
__Hbank1                  bank1        0000
__Hbank2                  bank2        0000
__Hbank3                  bank3        0000
__HbssBANK0               bssBANK0     0000
__HbssCOMMON              bssCOMMON    0000
__Hcinit                  cinit        0019
__Hclrtext                clrtext      0000
__Hcode                   code         0000
__Hcommon                 common       0000
__Hconfig                 config       2009
__HcstackBANK0            cstackBANK0  0000
__HcstackCOMMON           cstackCOMMON 0000
__Heeprom_data            eeprom_data  0000
__Hend_init               end_init     000F
__Hfunctab                functab      0000
__Hidloc                  idloc        0000
__Hinit                   init         000C
__Hintentry               intentry     000C
__Hmaintext               maintext     0000
__Hpowerup                powerup      0000
__Hram                    ram          0000
__Hreset_vec              reset_vec    0003
__Hsfr0                   sfr0         0000
__Hsfr1                   sfr1         0000
__Hsfr2                   sfr2         0000
__Hsfr3                   sfr3         0000
__Hspace_0                (abs)        2009
__Hspace_1                (abs)        007C
__Hspace_2                (abs)        0000
__Hspace_3                (abs)        0000
__Hstack                  stack        0000
__Hstrings                strings      0000
__Htext                   text         0000
__Labs1                   abs1         0000
__Lbank0                  bank0        0000
__Lbank1                  bank1        0000
__Lbank2                  bank2        0000
__Lbank3                  bank3        0000
__LbssBANK0               bssBANK0     0000
__LbssCOMMON              bssCOMMON    0000
__Lcinit                  cinit        000F
__Lclrtext                clrtext      0000
__Lcode                   code         0000
__Lcommon                 common       0000
__Lconfig                 config       2007
__LcstackBANK0            cstackBANK0  0000
__LcstackCOMMON           cstackCOMMON 0000
__Leeprom_data            eeprom_data  0000
__Lend_init               end_init     000C
__Lfunctab                functab      0000
__Lidloc                  idloc        0000
__Linit                   init         000C
__Lintentry               intentry     0004
__Lmaintext               maintext     0000
__Lpowerup                powerup      0000
__Lram                    ram          0000
__Lreset_vec              reset_vec    0000
__Lsfr0                   sfr0         0000
__Lsfr1                   sfr1         0000
__Lsfr2                   sfr2         0000
__Lsfr3                   sfr3         0000
__Lspace_0                (abs)        0000
__Lspace_1                (abs)        0000
__Lspace_2                (abs)        0000
__Lspace_3                (abs)        0000
__Lstack                  stack        0000
__Lstrings                strings      0000
__Ltext                   text         0000
__S0                      (abs)        2009
__S1                      (abs)        007C
__S2                      (abs)        0000
__S3                      (abs)        0000
___awdiv                  text4        0431
___awdiv@counter          cstackBANK0  0020
___awdiv@dividend         cstackCOMMON 0074
___awdiv@divisor          cstackCOMMON 0072
___awdiv@quotient         cstackBANK0  0022
___awdiv@sign             cstackBANK0  0021
___awmod                  text3        04A4
___awmod@counter          cstackCOMMON 0077
___awmod@dividend         cstackCOMMON 0074
___awmod@divisor          cstackCOMMON 0072
___awmod@sign             cstackCOMMON 0078
___int_sp                 stack        0000
___latbits                (abs)        0002
___sp                     stack        0000
__end_of___awdiv          text4        04A4
__end_of___awmod          text3        0507
__end_of__initialization  cinit        0015
__end_of__stringtab       strings      0306
__end_of_delay            text11       05D2
__end_of_dispLCD          text7        053E
__end_of_dispLCD_clr      text6        05FE
__end_of_dispLCD_dataReg  text10       056D
__end_of_dispLCD_init     text5        05BB
__end_of_dispLCD_instReg  text9        0431
__end_of_dispLCD_lincol   text8        05E5
__end_of_dispLCD_num      text2        0291
__end_of_main             maintext     01A3
__end_of_ossada           text12       0597
__end_of_timer2_init      text1        05F7
__initialization          cinit        000F
__pbssBANK0               bssBANK0     003A
__pbssCOMMON              bssCOMMON    007A
__pcstackBANK0            cstackBANK0  0020
__pcstackCOMMON           cstackCOMMON 0070
__pintentry               intentry     0004
__pmaintext               maintext     0019
__pstrings                strings      0300
__ptext0                  text0        0000
__ptext1                  text1        05E5
__ptext10                 text10       053E
__ptext11                 text11       05BB
__ptext12                 text12       056D
__ptext2                  text2        01A3
__ptext3                  text3        04A4
__ptext4                  text4        0431
__ptext5                  text5        0597
__ptext6                  text6        05F7
__ptext7                  text7        0507
__ptext8                  text8        05D2
__ptext9                  text9        03B1
__size_of___awdiv         (abs)        0000
__size_of___awmod         (abs)        0000
__size_of_delay           (abs)        0000
__size_of_dispLCD         (abs)        0000
__size_of_dispLCD_clr     (abs)        0000
__size_of_dispLCD_dataReg (abs)        0000
__size_of_dispLCD_init    (abs)        0000
__size_of_dispLCD_instReg (abs)        0000
__size_of_dispLCD_lincol  (abs)        0000
__size_of_dispLCD_num     (abs)        0000
__size_of_main            (abs)        0000
__size_of_ossada          (abs)        0000
__size_of_timer2_init     (abs)        0000
__stringbase              strings      0305
__stringtab               strings      0300
_contador                 bssBANK0     003A
_delay                    text11       05BB
_dispLCD                  text7        0507
_dispLCD_clr              text6        05F7
_dispLCD_dataReg          text10       053E
_dispLCD_init             text5        0597
_dispLCD_instReg          text9        03B1
_dispLCD_lincol           text8        05D2
_dispLCD_num              text2        01A3
_main                     maintext     0019
_ossada                   text12       056D
_t2seg                    bssCOMMON    007A
_timer2_init              text1        05E5
btemp                     (abs)        007E
delay@t                   cstackCOMMON 0072
dispLCD@col               cstackCOMMON 0078
dispLCD@lin               cstackBANK0  0022
dispLCD@pos               cstackBANK0  0021
dispLCD@str               cstackCOMMON 0079
dispLCD_dataReg@d         cstackCOMMON 0074
dispLCD_instReg@i         cstackCOMMON 0074
dispLCD_lincol@col        cstackCOMMON 0075
dispLCD_lincol@lin        cstackCOMMON 0077
dispLCD_num@col           cstackBANK0  0024
dispLCD_num@div           cstackBANK0  002E
dispLCD_num@lin           cstackBANK0  002B
dispLCD_num@num           cstackBANK0  0025
dispLCD_num@sinal         cstackBANK0  002D
dispLCD_num@size          cstackBANK0  002C
dispLCD_num@tam           cstackBANK0  0027
end_of_initialization     cinit        0015
interrupt_function        intentry     0004
intlevel0                 functab      0000
intlevel1                 functab      0000
intlevel2                 functab      0000
intlevel3                 functab      0000
intlevel4                 functab      0000
intlevel5                 functab      0000
main@n                    cstackBANK0  0036
main@n_1                  cstackBANK0  0034
main@n_2                  cstackBANK0  0032
main@tela                 cstackBANK0  0038
reset_vec                 reset_vec    0000
saved_w                   (abs)        007E
stackhi                   (abs)        0000
stacklo                   (abs)        0000
start                     init         000C
start_initialization      cinit        000F
wtemp0                    (abs)        007E


FUNCTION INFORMATION:

 *************** function _main *****************
 Defined at:
		line 15 in file "main.c"
 Parameters:    Size  Location     Type
		None
 Auto vars:     Size  Location     Type
  tela            2   24[BANK0 ] int 
  n               2   22[BANK0 ] int 
  n_1             2   20[BANK0 ] int 
  n_2             2   18[BANK0 ] int 
 Return value:  Size  Location     Type
                  1    wreg      void 
 Registers used:
		wreg, fsr0l, fsr0h, status,2, status,0, btemp+1, pclath, cstack
 Tracked objects:
		On entry : 
		On exit  : 
		Unchanged: 
 Data sizes:     COMMON   BANK0   BANK1   BANK3   BANK2
      Params:         0       0       0       0       0
      Locals:         0       8       0       0       0
      Temps:          0       2       0       0       0
      Totals:         0      10       0       0       0
Total ram usage:       10 bytes
 Hardware stack levels required when called:    4
 This function calls:
		_delay
		_dispLCD
		_dispLCD_clr
		_dispLCD_init
		_dispLCD_num
		_timer2_init
 This function is called by:
		Startup code after reset
 This function uses a non-reentrant model


 *************** function _timer2_init *****************
 Defined at:
		line 16 in file "timer.c"
 Parameters:    Size  Location     Type
		None
 Auto vars:     Size  Location     Type
		None
 Return value:  Size  Location     Type
                  1    wreg      void 
 Registers used:
		wreg, status,2, status,0
 Tracked objects:
		On entry : 
		On exit  : 
		Unchanged: 
 Data sizes:     COMMON   BANK0   BANK1   BANK3   BANK2
      Params:         0       0       0       0       0
      Locals:         0       0       0       0       0
      Temps:          0       0       0       0       0
      Totals:         0       0       0       0       0
Total ram usage:        0 bytes
 Hardware stack levels used:    1
 Hardware stack levels required when called:    1
 This function calls:
		Nothing
 This function is called by:
		_main
 This function uses a non-reentrant model


 *************** function _dispLCD_num *****************
 Defined at:
		line 161 in file "dispLCD4vias.c"
 Parameters:    Size  Location     Type
  lin             1    wreg     unsigned char 
  col             1    4[BANK0 ] unsigned char 
  num             2    5[BANK0 ] int 
  tam             1    7[BANK0 ] unsigned char 
 Auto vars:     Size  Location     Type
  lin             1   11[BANK0 ] unsigned char 
  div             2   14[BANK0 ] int 
  sinal           1   13[BANK0 ] unsigned char 
  size            1   12[BANK0 ] unsigned char 
 Return value:  Size  Location     Type
                  1    wreg      void 
 Registers used:
		wreg, status,2, status,0, btemp+1, pclath, cstack
 Tracked objects:
		On entry : 
		On exit  : 
		Unchanged: 
 Data sizes:     COMMON   BANK0   BANK1   BANK3   BANK2
      Params:         0       4       0       0       0
      Locals:         0       5       0       0       0
      Temps:          0       3       0       0       0
      Totals:         0      12       0       0       0
Total ram usage:       12 bytes
 Hardware stack levels used:    1
 Hardware stack levels required when called:    3
 This function calls:
		___awdiv
		___awmod
		_dispLCD_dataReg
		_dispLCD_lincol
 This function is called by:
		_main
 This function uses a non-reentrant model


 *************** function ___awmod *****************
 Defined at:
		line 5 in file "C:\Program Files (x86)\Microchip\xc8\v2.00\pic\sources\c90\common\awmod.c"
 Parameters:    Size  Location     Type
  divisor         2    2[COMMON] int 
  dividend        2    4[COMMON] int 
 Auto vars:     Size  Location     Type
  sign            1    8[COMMON] unsigned char 
  counter         1    7[COMMON] unsigned char 
 Return value:  Size  Location     Type
                  2    2[COMMON] int 
 Registers used:
		wreg, status,2, status,0
 Tracked objects:
		On entry : 
		On exit  : 
		Unchanged: 
 Data sizes:     COMMON   BANK0   BANK1   BANK3   BANK2
      Params:         4       0       0       0       0
      Locals:         2       0       0       0       0
      Temps:          1       0       0       0       0
      Totals:         7       0       0       0       0
Total ram usage:        7 bytes
 Hardware stack levels used:    1
 Hardware stack levels required when called:    1
 This function calls:
		Nothing
 This function is called by:
		_dispLCD_num
 This function uses a non-reentrant model


 *************** function ___awdiv *****************
 Defined at:
		line 5 in file "C:\Program Files (x86)\Microchip\xc8\v2.00\pic\sources\c90\common\awdiv.c"
 Parameters:    Size  Location     Type
  divisor         2    2[COMMON] int 
  dividend        2    4[COMMON] int 
 Auto vars:     Size  Location     Type
  quotient        2    2[BANK0 ] int 
  sign            1    1[BANK0 ] unsigned char 
  counter         1    0[BANK0 ] unsigned char 
 Return value:  Size  Location     Type
                  2    2[COMMON] int 
 Registers used:
		wreg, status,2, status,0
 Tracked objects:
		On entry : 
		On exit  : 
		Unchanged: 
 Data sizes:     COMMON   BANK0   BANK1   BANK3   BANK2
      Params:         4       0       0       0       0
      Locals:         0       4       0       0       0
      Temps:          1       0       0       0       0
      Totals:         5       4       0       0       0
Total ram usage:        9 bytes
 Hardware stack levels used:    1
 Hardware stack levels required when called:    1
 This function calls:
		Nothing
 This function is called by:
		_dispLCD_num
 This function uses a non-reentrant model


 *************** function _dispLCD_init *****************
 Defined at:
		line 129 in file "dispLCD4vias.c"
 Parameters:    Size  Location     Type
		None
 Auto vars:     Size  Location     Type
		None
 Return value:  Size  Location     Type
                  1    wreg      void 
 Registers used:
		wreg, status,2, status,0, pclath, cstack
 Tracked objects:
		On entry : 
		On exit  : 
		Unchanged: 
 Data sizes:     COMMON   BANK0   BANK1   BANK3   BANK2
      Params:         0       0       0       0       0
      Locals:         0       0       0       0       0
      Temps:          0       0       0       0       0
      Totals:         0       0       0       0       0
Total ram usage:        0 bytes
 Hardware stack levels used:    1
 Hardware stack levels required when called:    2
 This function calls:
		_dispLCD_instReg
 This function is called by:
		_main
 This function uses a non-reentrant model


 *************** function _dispLCD_clr *****************
 Defined at:
		line 204 in file "dispLCD4vias.c"
 Parameters:    Size  Location     Type
		None
 Auto vars:     Size  Location     Type
		None
 Return value:  Size  Location     Type
                  1    wreg      void 
 Registers used:
		wreg, status,2, status,0, pclath, cstack
 Tracked objects:
		On entry : 
		On exit  : 
		Unchanged: 
 Data sizes:     COMMON   BANK0   BANK1   BANK3   BANK2
      Params:         0       0       0       0       0
      Locals:         0       0       0       0       0
      Temps:          0       0       0       0       0
      Totals:         0       0       0       0       0
Total ram usage:        0 bytes
 Hardware stack levels used:    1
 Hardware stack levels required when called:    2
 This function calls:
		_dispLCD_instReg
 This function is called by:
		_main
 This function uses a non-reentrant model


 *************** function _dispLCD *****************
 Defined at:
		line 147 in file "dispLCD4vias.c"
 Parameters:    Size  Location     Type
  lin             1    wreg     unsigned char 
  col             1    8[COMMON] unsigned char 
  str             1    9[COMMON] PTR const unsigned char 
		 -> STR_10(15), STR_9(17), STR_8(17), STR_7(17), 
		 -> STR_6(17), STR_5(17), STR_4(17), STR_3(17), 
		 -> STR_2(17), STR_1(20), 
 Auto vars:     Size  Location     Type
  lin             1    2[BANK0 ] unsigned char 
  pos             1    1[BANK0 ] unsigned char 
 Return value:  Size  Location     Type
                  1    wreg      void 
 Registers used:
		wreg, fsr0l, fsr0h, status,2, status,0, pclath, cstack
 Tracked objects:
		On entry : 
		On exit  : 
		Unchanged: 
 Data sizes:     COMMON   BANK0   BANK1   BANK3   BANK2
      Params:         2       0       0       0       0
      Locals:         0       2       0       0       0
      Temps:          0       1       0       0       0
      Totals:         2       3       0       0       0
Total ram usage:        5 bytes
 Hardware stack levels used:    1
 Hardware stack levels required when called:    3
 This function calls:
		_dispLCD_dataReg
		_dispLCD_lincol
 This function is called by:
		_main
 This function uses a non-reentrant model


 *************** function _dispLCD_lincol *****************
 Defined at:
		line 123 in file "dispLCD4vias.c"
 Parameters:    Size  Location     Type
  lin             1    wreg     unsigned char 
  col             1    5[COMMON] unsigned char 
 Auto vars:     Size  Location     Type
  lin             1    7[COMMON] unsigned char 
 Return value:  Size  Location     Type
                  1    wreg      void 
 Registers used:
		wreg, status,2, status,0, pclath, cstack
 Tracked objects:
		On entry : 
		On exit  : 
		Unchanged: 
 Data sizes:     COMMON   BANK0   BANK1   BANK3   BANK2
      Params:         1       0       0       0       0
      Locals:         1       0       0       0       0
      Temps:          1       0       0       0       0
      Totals:         3       0       0       0       0
Total ram usage:        3 bytes
 Hardware stack levels used:    1
 Hardware stack levels required when called:    2
 This function calls:
		_dispLCD_instReg
 This function is called by:
		_dispLCD
		_dispLCD_num
 This function uses a non-reentrant model


 *************** function _dispLCD_instReg *****************
 Defined at:
		line 74 in file "dispLCD4vias.c"
 Parameters:    Size  Location     Type
  i               1    wreg     unsigned char 
 Auto vars:     Size  Location     Type
  i               1    4[COMMON] unsigned char 
 Return value:  Size  Location     Type
                  1    wreg      void 
 Registers used:
		wreg, status,2, status,0
 Tracked objects:
		On entry : 
		On exit  : 
		Unchanged: 
 Data sizes:     COMMON   BANK0   BANK1   BANK3   BANK2
      Params:         0       0       0       0       0
      Locals:         1       0       0       0       0
      Temps:          2       0       0       0       0
      Totals:         3       0       0       0       0
Total ram usage:        3 bytes
 Hardware stack levels used:    1
 Hardware stack levels required when called:    1
 This function calls:
		Nothing
 This function is called by:
		_dispLCD_lincol
		_dispLCD_init
		_dispLCD_clr
 This function uses a non-reentrant model


 *************** function _dispLCD_dataReg *****************
 Defined at:
		line 107 in file "dispLCD4vias.c"
 Parameters:    Size  Location     Type
  d               1    wreg     unsigned char 
 Auto vars:     Size  Location     Type
  d               1    4[COMMON] unsigned char 
 Return value:  Size  Location     Type
                  1    wreg      void 
 Registers used:
		wreg, status,2, status,0
 Tracked objects:
		On entry : 
		On exit  : 
		Unchanged: 
 Data sizes:     COMMON   BANK0   BANK1   BANK3   BANK2
      Params:         0       0       0       0       0
      Locals:         1       0       0       0       0
      Temps:          2       0       0       0       0
      Totals:         3       0       0       0       0
Total ram usage:        3 bytes
 Hardware stack levels used:    1
 Hardware stack levels required when called:    1
 This function calls:
		Nothing
 This function is called by:
		_dispLCD
		_dispLCD_num
 This function uses a non-reentrant model


 *************** function _delay *****************
 Defined at:
		line 12 in file "delay.c"
 Parameters:    Size  Location     Type
  t               2    2[COMMON] unsigned int 
 Auto vars:     Size  Location     Type
		None
 Return value:  Size  Location     Type
                  1    wreg      void 
 Registers used:
		wreg, status,2, status,0
 Tracked objects:
		On entry : 
		On exit  : 
		Unchanged: 
 Data sizes:     COMMON   BANK0   BANK1   BANK3   BANK2
      Params:         2       0       0       0       0
      Locals:         0       0       0       0       0
      Temps:          1       0       0       0       0
      Totals:         3       0       0       0       0
Total ram usage:        3 bytes
 Hardware stack levels used:    1
 Hardware stack levels required when called:    1
 This function calls:
		Nothing
 This function is called by:
		_main
 This function uses a non-reentrant model


 *************** function _ossada *****************
 Defined at:
		line 27 in file "timer.c"
 Parameters:    Size  Location     Type
		None
 Auto vars:     Size  Location     Type
		None
 Return value:  Size  Location     Type
                  1    wreg      void 
 Registers used:
		wreg, status,2, status,0
 Tracked objects:
		On entry : 
		On exit  : 
		Unchanged: 
 Data sizes:     COMMON   BANK0   BANK1   BANK3   BANK2
      Params:         0       0       0       0       0
      Locals:         0       0       0       0       0
      Temps:          2       0       0       0       0
      Totals:         2       0       0       0       0
Total ram usage:        2 bytes
 Hardware stack levels used:    1
 This function calls:
		Nothing
 This function is called by:
		Interrupt level 1
 This function uses a non-reentrant model



MODULE INFORMATION

Module		Function		Class		Link	Load	Size
delay.c
		_delay         		CODE           	05BB	0000	24

delay.c estimated size: 24

C:\Program Files (x86)\Microchip\xc8\v2.00\pic\sources\c90\common\awmod.c
		___awmod       		CODE           	04A4	0000	100

C:\Program Files (x86)\Microchip\xc8\v2.00\pic\sources\c90\common\awmod.c estimated size: 100

timer.c
		_timer2_init   		CODE           	05E5	0000	19
		_ossada        		CODE           	056D	0000	43

timer.c estimated size: 62

C:\Program Files (x86)\Microchip\xc8\v2.00\pic\sources\c90\common\awdiv.c
		___awdiv       		CODE           	0431	0000	116

C:\Program Files (x86)\Microchip\xc8\v2.00\pic\sources\c90\common\awdiv.c estimated size: 116

shared
		__stringtab    		STRING         	0300	0000	7
		__initialization		CODE           	000F	0000	7

shared estimated size: 14

main.c
		_main          		CODE           	0019	0000	395

main.c estimated size: 395

dispLCD4vias.c
		_dispLCD_lincol		CODE           	05D2	0000	20
		_dispLCD_dataReg		CODE           	053E	0000	48
		_dispLCD_instReg		CODE           	03B1	0000	129
		_dispLCD       		CODE           	0507	0000	56
		_dispLCD_clr   		CODE           	05F7	0000	8
		_dispLCD_num   		CODE           	01A3	0000	239
		_dispLCD_init  		CODE           	0597	0000	37

dispLCD4vias.c estimated size: 537

